// Jest Snapshot v1, https://goo.gl/fbAQLP

exports[`matches snapshot 1`] = `
<div
  class="PortfolioList"
>
  <div
    class="MuiContainer-root MuiContainer-maxWidthLg"
    style="text-align: center;"
  >
    <div
      class="MuiBox-root MuiBox-root-5"
    >
      <div
        class="MuiGrid-root MuiGrid-container MuiGrid-spacing-xs-3 MuiGrid-align-items-xs-flex-start MuiGrid-justify-xs-center"
      >
        <div
          class="MuiGrid-root MuiGrid-item MuiGrid-grid-xs-12 MuiGrid-grid-md-6"
        >
          <div
            class="MuiPaper-root MuiCard-root makeStyles-root-6 MuiPaper-elevation1 MuiPaper-rounded"
          >
            <a
              aria-disabled="false"
              class="MuiButtonBase-root MuiCardActionArea-root makeStyles-actionArea-7"
              href="/portfolios/0"
              role="button"
              tabindex="0"
            >
              <h3
                class="MuiTypography-root MuiTypography-h5"
              >
                alpha
              </h3>
              <p
                class="MuiTypography-root MuiTypography-subtitle1 MuiTypography-gutterBottom"
              >
                Jan 10th, 2020
              </p>
              <div
                class="MuiCardContent-root"
              />
              <span
                class="MuiCardActionArea-focusHighlight"
              />
              <span
                class="MuiTouchRipple-root"
              />
            </a>
            <div
              class="MuiCardActions-root MuiCardActions-spacing"
              style="justify-content: flex-end;"
            >
              <button
                class="MuiButtonBase-root MuiIconButton-root"
                tabindex="0"
                type="button"
              >
                <span
                  class="MuiIconButton-label"
                >
                  <svg
                    aria-hidden="true"
                    class="MuiSvgIcon-root MuiSvgIcon-colorSecondary"
                    focusable="false"
                    viewBox="0 0 24 24"
                  >
                    <path
                      d="M6 19c0 1.1.9 2 2 2h8c1.1 0 2-.9 2-2V7H6v12zM19 4h-3.5l-1-1h-5l-1 1H5v2h14V4z"
                    />
                  </svg>
                </span>
                <span
                  class="MuiTouchRipple-root"
                />
              </button>
            </div>
          </div>
        </div>
      </div>
    </div>
  </div>
</div>
`;
